foo:
- bar
+ <nil>

something.0.is:
- 1
+ 2

stuff:
- 200
+ <nil>

